// Jest Snapshot v1, https://goo.gl/fbAQLP

exports[`should render ExpenseListItem with expenses 1`] = `
<div>
  <Link
    replace={false}
    to="/edit/2"
  >
    <h3>
      Hair Cut
    </h3>
  </Link>
  <p>
    2000
     - 
    -1000
  </p>
</div>
`;
